###############################################################################
#
# IAR ELF Linker V9.10.2.313/W64 for ARM                  12/Jul/2021  22:54:39
# Copyright 2007-2021 IAR Systems AB.
#
#    Output file  =
#        C:\Users\User\Documents\UTFPR\Micro
#        1\LAB\lab02\Exerc_10\Debug\Exe\Exerc_10.out
#    Map file     =
#        C:\Users\User\Documents\UTFPR\Micro
#        1\LAB\lab02\Exerc_10\Debug\List\Exerc_10.map
#    Command line =
#        -f "C:\Users\User\Documents\UTFPR\Micro
#        1\LAB\lab02\Exerc_10\Debug\Exe\Exerc_10.out.rsp"
#        ("C:\Users\User\Documents\UTFPR\Micro
#        1\LAB\lab02\Exerc_10\Debug\Obj\Exerc_10.o" --no_out_extension -o
#        "C:\Users\User\Documents\UTFPR\Micro
#        1\LAB\lab02\Exerc_10\Debug\Exe\Exerc_10.out" --redirect
#        _Printf=_PrintfFullNoMb --redirect _Scanf=_ScanfFullNoMb --map
#        "C:\Users\User\Documents\UTFPR\Micro
#        1\LAB\lab02\Exerc_10\Debug\List\Exerc_10.map" --config "D:\Program
#        Files\IAR Systems\Embedded Workbench
#        9.0\arm\config\linker\TexasInstruments\TM4C129CNC.icf" --semihosting
#        --no_library_search --entry __iar_program_start --vfe --text_out
#        locale)
#
###############################################################################

*******************************************************************************
*** PLACEMENT SUMMARY
***

"A0":  place at address 0x0 { ro section .intvec };
"P1":  place in [from 0x0 to 0xf'ffff] { ro };
define block CSTACK with size = 32K, alignment = 8 { };
define block HEAP with size = 64K, alignment = 8 { };
"P2":  place in [from 0x2000'0000 to 0x2003'ffff] {
          rw, block CSTACK, block HEAP };

No sections matched the following patterns:

  rw  in "P2"


  Section   Kind         Address    Size  Object
  -------   ----         -------    ----  ------
"A0":                               0x40
  .intvec   ro code          0x0    0x40  Exerc_10.o [1]
                          - 0x40    0x40

"P1":                               0x22
  .text     ro code         0x40    0x20  Exerc_10.o [1]
  .text     ro code         0x60     0x2  Exerc_10.o [1]
                          - 0x62    0x22

"P2":                             0x8000
  CSTACK             0x2000'0000  0x8000  <Block>
    CSTACK  uninit   0x2000'0000  0x8000  <Block tail>
                   - 0x2000'8000  0x8000

Unused ranges:

         From           To      Size
         ----           --      ----
         0x62     0xf'ffff  0xf'ff9e
  0x2000'8000  0x2003'ffff  0x3'8000



*******************************************************************************
*** MODULE SUMMARY
***

    Module          ro code  rw data
    ------          -------  -------
command line/config:
    --------------------------------
    Total:

C:\Users\User\Documents\UTFPR\Micro 1\LAB\lab02\Exerc_10\Debug\Obj: [1]
    Exerc_10.o           98
    --------------------------------
    Total:               98

    Linker created            32'768
------------------------------------
    Grand Total:         98   32'768


*******************************************************************************
*** ENTRY LIST
***

Entry                    Address  Size  Type      Object
-----                    -------  ----  ----      ------
CSTACK$$Base         0x2000'0000         --   Gb  - Linker created -
CSTACK$$Limit        0x2000'8000         --   Gb  - Linker created -
__iar_program_start         0x41        Code  Gb  Exerc_10.o [1]
__vector_table               0x0        Data  Gb  Exerc_10.o [1]


[1] = C:\Users\User\Documents\UTFPR\Micro 1\LAB\lab02\Exerc_10\Debug\Obj

      98 bytes of readonly  code memory
  32'768 bytes of readwrite data memory

Errors: none
Warnings: none
