###############################################################################
#
# IAR ELF Linker V9.10.2.313/W64 for ARM                  12/Jul/2021  23:31:18
# Copyright 2007-2021 IAR Systems AB.
#
#    Output file  =
#        C:\Users\User\Documents\UTFPR\Micro
#        1\LAB\lab02\Exerc_11\Debug\Exe\Exerc_11.out
#    Map file     =
#        C:\Users\User\Documents\UTFPR\Micro
#        1\LAB\lab02\Exerc_11\Debug\List\Exerc_11.map
#    Command line =
#        -f "C:\Users\User\Documents\UTFPR\Micro
#        1\LAB\lab02\Exerc_11\Debug\Exe\Exerc_11.out.rsp"
#        ("C:\Users\User\Documents\UTFPR\Micro
#        1\LAB\lab02\Exerc_11\Debug\Obj\Exerc_11.o" --no_out_extension -o
#        "C:\Users\User\Documents\UTFPR\Micro
#        1\LAB\lab02\Exerc_11\Debug\Exe\Exerc_11.out" --redirect
#        _Printf=_PrintfFullNoMb --redirect _Scanf=_ScanfFullNoMb --map
#        "C:\Users\User\Documents\UTFPR\Micro
#        1\LAB\lab02\Exerc_11\Debug\List\Exerc_11.map" --config "D:\Program
#        Files\IAR Systems\Embedded Workbench
#        9.0\arm\CONFIG\generic_cortex.icf" --semihosting --no_library_search
#        --entry __iar_program_start --vfe --text_out locale)
#
###############################################################################

*******************************************************************************
*** PLACEMENT SUMMARY
***

"A0":  place at address 0x0 { ro section .intvec };
"P1":  place in [from 0x0 to 0x7'ffff] { ro };
define block CSTACK with size = 1K, alignment = 8 { };
define block PROC_STACK with size = 0, alignment = 8 { };
define block HEAP with size = 2K, alignment = 8 { };
"P2":  place in [from 0x2000'0000 to 0x2000'ffff] {
          rw, block CSTACK, block PROC_STACK, block HEAP };

No sections matched the following patterns:

  rw  in "P2"


  Section   Kind         Address   Size  Object
  -------   ----         -------   ----  ------
"A0":                              0x40
  .intvec   ro code          0x0   0x40  Exerc_11.o [1]
                          - 0x40   0x40

"P1":                              0x38
  .text     ro code         0x40   0x36  Exerc_11.o [1]
  .text     ro code         0x76    0x2  Exerc_11.o [1]
                          - 0x78   0x38

"P2":                             0x400
  CSTACK             0x2000'0000  0x400  <Block>
    CSTACK  uninit   0x2000'0000  0x400  <Block tail>
                   - 0x2000'0400  0x400

Unused ranges:

         From           To      Size
         ----           --      ----
         0x78     0x7'ffff  0x7'ff88
  0x2000'0400  0x2000'ffff    0xfc00



*******************************************************************************
*** MODULE SUMMARY
***

    Module          ro code  rw data
    ------          -------  -------
command line/config:
    --------------------------------
    Total:

C:\Users\User\Documents\UTFPR\Micro 1\LAB\lab02\Exerc_11\Debug\Obj: [1]
    Exerc_11.o          120
    --------------------------------
    Total:              120

    Linker created             1'024
------------------------------------
    Grand Total:        120    1'024


*******************************************************************************
*** ENTRY LIST
***

Entry                    Address  Size  Type      Object
-----                    -------  ----  ----      ------
CSTACK$$Base         0x2000'0000         --   Gb  - Linker created -
CSTACK$$Limit        0x2000'0400         --   Gb  - Linker created -
__iar_program_start         0x41        Code  Gb  Exerc_11.o [1]
__vector_table               0x0        Data  Gb  Exerc_11.o [1]


[1] = C:\Users\User\Documents\UTFPR\Micro 1\LAB\lab02\Exerc_11\Debug\Obj

    120 bytes of readonly  code memory
  1'024 bytes of readwrite data memory

Errors: none
Warnings: none
